C:/Users/Utente/STM32CubeIDE/workspace_1.13.2/LoRaWAN_End_Node/Core/Src/adc_if.c:196:17:ADC_ReadChannels	32	static
C:/Users/Utente/STM32CubeIDE/workspace_1.13.2/LoRaWAN_End_Node/Core/Src/adc_if.c:80:6:SYS_InitMeasurement	0	static
C:/Users/Utente/STM32CubeIDE/workspace_1.13.2/LoRaWAN_End_Node/Core/Src/adc_if.c:91:6:SYS_DeInitMeasurement	0	static
C:/Users/Utente/STM32CubeIDE/workspace_1.13.2/LoRaWAN_End_Node/Core/Src/adc_if.c:98:6:SYS_GetAccGyr	0	static
C:/Users/Utente/STM32CubeIDE/workspace_1.13.2/LoRaWAN_End_Node/Core/Src/adc_if.c:154:10:SYS_GetBatteryLevel	8	static
C:/Users/Utente/STM32CubeIDE/workspace_1.13.2/LoRaWAN_End_Node/Core/Src/adc_if.c:112:9:SYS_GetTemperatureLevel	16	static
