C:/Users/Utente/STM32CubeIDE/workspace_1.13.2/LoRaWAN_End_Node/Drivers/BSP/Components/lsm6dso16is/lsm6dso16is_reg.c:48:9:lsm6dso16is_read_reg	8	static
C:/Users/Utente/STM32CubeIDE/workspace_1.13.2/LoRaWAN_End_Node/Drivers/BSP/Components/lsm6dso16is/lsm6dso16is_reg.c:69:9:lsm6dso16is_write_reg	8	static
C:/Users/Utente/STM32CubeIDE/workspace_1.13.2/LoRaWAN_End_Node/Drivers/BSP/Components/lsm6dso16is/lsm6dso16is_reg.c:92:9:lsm6dso16is_from_fs2g_to_mg	8	static
C:/Users/Utente/STM32CubeIDE/workspace_1.13.2/LoRaWAN_End_Node/Drivers/BSP/Components/lsm6dso16is/lsm6dso16is_reg.c:97:9:lsm6dso16is_from_fs4g_to_mg	8	static
C:/Users/Utente/STM32CubeIDE/workspace_1.13.2/LoRaWAN_End_Node/Drivers/BSP/Components/lsm6dso16is/lsm6dso16is_reg.c:102:9:lsm6dso16is_from_fs8g_to_mg	8	static
C:/Users/Utente/STM32CubeIDE/workspace_1.13.2/LoRaWAN_End_Node/Drivers/BSP/Components/lsm6dso16is/lsm6dso16is_reg.c:107:9:lsm6dso16is_from_fs16g_to_mg	8	static
C:/Users/Utente/STM32CubeIDE/workspace_1.13.2/LoRaWAN_End_Node/Drivers/BSP/Components/lsm6dso16is/lsm6dso16is_reg.c:112:9:lsm6dso16is_from_fs125dps_to_mdps	8	static
C:/Users/Utente/STM32CubeIDE/workspace_1.13.2/LoRaWAN_End_Node/Drivers/BSP/Components/lsm6dso16is/lsm6dso16is_reg.c:117:9:lsm6dso16is_from_fs250dps_to_mdps	8	static
C:/Users/Utente/STM32CubeIDE/workspace_1.13.2/LoRaWAN_End_Node/Drivers/BSP/Components/lsm6dso16is/lsm6dso16is_reg.c:122:9:lsm6dso16is_from_fs500dps_to_mdps	8	static
C:/Users/Utente/STM32CubeIDE/workspace_1.13.2/LoRaWAN_End_Node/Drivers/BSP/Components/lsm6dso16is/lsm6dso16is_reg.c:127:9:lsm6dso16is_from_fs1000dps_to_mdps	8	static
C:/Users/Utente/STM32CubeIDE/workspace_1.13.2/LoRaWAN_End_Node/Drivers/BSP/Components/lsm6dso16is/lsm6dso16is_reg.c:132:9:lsm6dso16is_from_fs2000dps_to_mdps	8	static
C:/Users/Utente/STM32CubeIDE/workspace_1.13.2/LoRaWAN_End_Node/Drivers/BSP/Components/lsm6dso16is/lsm6dso16is_reg.c:137:9:lsm6dso16is_from_lsb_to_celsius	8	static
C:/Users/Utente/STM32CubeIDE/workspace_1.13.2/LoRaWAN_End_Node/Drivers/BSP/Components/lsm6dso16is/lsm6dso16is_reg.c:159:9:lsm6dso16is_odr_cal_reg_set	24	static
C:/Users/Utente/STM32CubeIDE/workspace_1.13.2/LoRaWAN_End_Node/Drivers/BSP/Components/lsm6dso16is/lsm6dso16is_reg.c:187:9:lsm6dso16is_odr_cal_reg_get	16	static
C:/Users/Utente/STM32CubeIDE/workspace_1.13.2/LoRaWAN_End_Node/Drivers/BSP/Components/lsm6dso16is/lsm6dso16is_reg.c:207:9:lsm6dso16is_mem_bank_set	24	static
C:/Users/Utente/STM32CubeIDE/workspace_1.13.2/LoRaWAN_End_Node/Drivers/BSP/Components/lsm6dso16is/lsm6dso16is_reg.c:232:9:lsm6dso16is_mem_bank_get	16	static
C:/Users/Utente/STM32CubeIDE/workspace_1.13.2/LoRaWAN_End_Node/Drivers/BSP/Components/lsm6dso16is/lsm6dso16is_reg.c:263:9:lsm6dso16is_data_ready_mode_set	24	static
C:/Users/Utente/STM32CubeIDE/workspace_1.13.2/LoRaWAN_End_Node/Drivers/BSP/Components/lsm6dso16is/lsm6dso16is_reg.c:288:9:lsm6dso16is_data_ready_mode_get	16	static
C:/Users/Utente/STM32CubeIDE/workspace_1.13.2/LoRaWAN_End_Node/Drivers/BSP/Components/lsm6dso16is/lsm6dso16is_reg.c:321:9:lsm6dso16is_device_id_get	8	static
C:/Users/Utente/STM32CubeIDE/workspace_1.13.2/LoRaWAN_End_Node/Drivers/BSP/Components/lsm6dso16is/lsm6dso16is_reg.c:338:9:lsm6dso16is_reset_set	24	static
C:/Users/Utente/STM32CubeIDE/workspace_1.13.2/LoRaWAN_End_Node/Drivers/BSP/Components/lsm6dso16is/lsm6dso16is_reg.c:362:9:lsm6dso16is_reset_get	16	static
C:/Users/Utente/STM32CubeIDE/workspace_1.13.2/LoRaWAN_End_Node/Drivers/BSP/Components/lsm6dso16is/lsm6dso16is_reg.c:381:9:lsm6dso16is_boot_set	24	static
C:/Users/Utente/STM32CubeIDE/workspace_1.13.2/LoRaWAN_End_Node/Drivers/BSP/Components/lsm6dso16is/lsm6dso16is_reg.c:405:9:lsm6dso16is_boot_get	16	static
C:/Users/Utente/STM32CubeIDE/workspace_1.13.2/LoRaWAN_End_Node/Drivers/BSP/Components/lsm6dso16is/lsm6dso16is_reg.c:424:9:lsm6dso16is_xl_hm_mode_set	24	static
C:/Users/Utente/STM32CubeIDE/workspace_1.13.2/LoRaWAN_End_Node/Drivers/BSP/Components/lsm6dso16is/lsm6dso16is_reg.c:448:9:lsm6dso16is_xl_hm_mode_get	16	static
C:/Users/Utente/STM32CubeIDE/workspace_1.13.2/LoRaWAN_End_Node/Drivers/BSP/Components/lsm6dso16is/lsm6dso16is_reg.c:481:9:lsm6dso16is_xl_full_scale_set	24	static
C:/Users/Utente/STM32CubeIDE/workspace_1.13.2/LoRaWAN_End_Node/Drivers/BSP/Components/lsm6dso16is/lsm6dso16is_reg.c:506:9:lsm6dso16is_xl_full_scale_get	16	static
C:/Users/Utente/STM32CubeIDE/workspace_1.13.2/LoRaWAN_End_Node/Drivers/BSP/Components/lsm6dso16is/lsm6dso16is_reg.c:547:9:lsm6dso16is_xl_data_rate_set	24	static
C:/Users/Utente/STM32CubeIDE/workspace_1.13.2/LoRaWAN_End_Node/Drivers/BSP/Components/lsm6dso16is/lsm6dso16is_reg.c:584:9:lsm6dso16is_xl_data_rate_get	24	static
C:/Users/Utente/STM32CubeIDE/workspace_1.13.2/LoRaWAN_End_Node/Drivers/BSP/Components/lsm6dso16is/lsm6dso16is_reg.c:702:9:lsm6dso16is_gy_hm_mode_set	24	static
C:/Users/Utente/STM32CubeIDE/workspace_1.13.2/LoRaWAN_End_Node/Drivers/BSP/Components/lsm6dso16is/lsm6dso16is_reg.c:726:9:lsm6dso16is_gy_hm_mode_get	16	static
C:/Users/Utente/STM32CubeIDE/workspace_1.13.2/LoRaWAN_End_Node/Drivers/BSP/Components/lsm6dso16is/lsm6dso16is_reg.c:759:9:lsm6dso16is_gy_full_scale_set	24	static
C:/Users/Utente/STM32CubeIDE/workspace_1.13.2/LoRaWAN_End_Node/Drivers/BSP/Components/lsm6dso16is/lsm6dso16is_reg.c:785:9:lsm6dso16is_gy_full_scale_get	16	static
C:/Users/Utente/STM32CubeIDE/workspace_1.13.2/LoRaWAN_End_Node/Drivers/BSP/Components/lsm6dso16is/lsm6dso16is_reg.c:830:9:lsm6dso16is_gy_data_rate_set	24	static
C:/Users/Utente/STM32CubeIDE/workspace_1.13.2/LoRaWAN_End_Node/Drivers/BSP/Components/lsm6dso16is/lsm6dso16is_reg.c:866:9:lsm6dso16is_gy_data_rate_get	24	static
C:/Users/Utente/STM32CubeIDE/workspace_1.13.2/LoRaWAN_End_Node/Drivers/BSP/Components/lsm6dso16is/lsm6dso16is_reg.c:981:9:lsm6dso16is_auto_increment_set	24	static
C:/Users/Utente/STM32CubeIDE/workspace_1.13.2/LoRaWAN_End_Node/Drivers/BSP/Components/lsm6dso16is/lsm6dso16is_reg.c:1005:9:lsm6dso16is_auto_increment_get	16	static
C:/Users/Utente/STM32CubeIDE/workspace_1.13.2/LoRaWAN_End_Node/Drivers/BSP/Components/lsm6dso16is/lsm6dso16is_reg.c:1025:9:lsm6dso16is_block_data_update_set	24	static
C:/Users/Utente/STM32CubeIDE/workspace_1.13.2/LoRaWAN_End_Node/Drivers/BSP/Components/lsm6dso16is/lsm6dso16is_reg.c:1049:9:lsm6dso16is_block_data_update_get	16	static
C:/Users/Utente/STM32CubeIDE/workspace_1.13.2/LoRaWAN_End_Node/Drivers/BSP/Components/lsm6dso16is/lsm6dso16is_reg.c:1069:9:lsm6dso16is_sleep_set	24	static
C:/Users/Utente/STM32CubeIDE/workspace_1.13.2/LoRaWAN_End_Node/Drivers/BSP/Components/lsm6dso16is/lsm6dso16is_reg.c:1093:9:lsm6dso16is_sleep_get	16	static
C:/Users/Utente/STM32CubeIDE/workspace_1.13.2/LoRaWAN_End_Node/Drivers/BSP/Components/lsm6dso16is/lsm6dso16is_reg.c:1125:9:lsm6dso16is_xl_self_test_set	24	static
C:/Users/Utente/STM32CubeIDE/workspace_1.13.2/LoRaWAN_End_Node/Drivers/BSP/Components/lsm6dso16is/lsm6dso16is_reg.c:1150:9:lsm6dso16is_xl_self_test_get	16	static
C:/Users/Utente/STM32CubeIDE/workspace_1.13.2/LoRaWAN_End_Node/Drivers/BSP/Components/lsm6dso16is/lsm6dso16is_reg.c:1187:9:lsm6dso16is_gy_self_test_set	24	static
C:/Users/Utente/STM32CubeIDE/workspace_1.13.2/LoRaWAN_End_Node/Drivers/BSP/Components/lsm6dso16is/lsm6dso16is_reg.c:1212:9:lsm6dso16is_gy_self_test_get	16	static
C:/Users/Utente/STM32CubeIDE/workspace_1.13.2/LoRaWAN_End_Node/Drivers/BSP/Components/lsm6dso16is/lsm6dso16is_reg.c:1255:9:lsm6dso16is_ui_sdo_pull_up_set	24	static
C:/Users/Utente/STM32CubeIDE/workspace_1.13.2/LoRaWAN_End_Node/Drivers/BSP/Components/lsm6dso16is/lsm6dso16is_reg.c:1279:9:lsm6dso16is_ui_sdo_pull_up_get	16	static
C:/Users/Utente/STM32CubeIDE/workspace_1.13.2/LoRaWAN_End_Node/Drivers/BSP/Components/lsm6dso16is/lsm6dso16is_reg.c:1299:9:lsm6dso16is_spi_mode_set	24	static
C:/Users/Utente/STM32CubeIDE/workspace_1.13.2/LoRaWAN_End_Node/Drivers/BSP/Components/lsm6dso16is/lsm6dso16is_reg.c:1323:9:lsm6dso16is_spi_mode_get	16	static
C:/Users/Utente/STM32CubeIDE/workspace_1.13.2/LoRaWAN_End_Node/Drivers/BSP/Components/lsm6dso16is/lsm6dso16is_reg.c:1355:9:lsm6dso16is_ui_i2c_mode_set	24	static
C:/Users/Utente/STM32CubeIDE/workspace_1.13.2/LoRaWAN_End_Node/Drivers/BSP/Components/lsm6dso16is/lsm6dso16is_reg.c:1380:9:lsm6dso16is_ui_i2c_mode_get	16	static
C:/Users/Utente/STM32CubeIDE/workspace_1.13.2/LoRaWAN_End_Node/Drivers/BSP/Components/lsm6dso16is/lsm6dso16is_reg.c:1424:9:lsm6dso16is_timestamp_set	24	static
C:/Users/Utente/STM32CubeIDE/workspace_1.13.2/LoRaWAN_End_Node/Drivers/BSP/Components/lsm6dso16is/lsm6dso16is_reg.c:1448:9:lsm6dso16is_timestamp_get	16	static
C:/Users/Utente/STM32CubeIDE/workspace_1.13.2/LoRaWAN_End_Node/Drivers/BSP/Components/lsm6dso16is/lsm6dso16is_reg.c:1468:9:lsm6dso16is_timestamp_raw_get	16	static
C:/Users/Utente/STM32CubeIDE/workspace_1.13.2/LoRaWAN_End_Node/Drivers/BSP/Components/lsm6dso16is/lsm6dso16is_reg.c:1496:9:lsm6dso16is_all_sources_get	32	static
C:/Users/Utente/STM32CubeIDE/workspace_1.13.2/LoRaWAN_End_Node/Drivers/BSP/Components/lsm6dso16is/lsm6dso16is_reg.c:1540:9:lsm6dso16is_status_reg_get	8	static
C:/Users/Utente/STM32CubeIDE/workspace_1.13.2/LoRaWAN_End_Node/Drivers/BSP/Components/lsm6dso16is/lsm6dso16is_reg.c:1557:9:lsm6dso16is_xl_flag_data_ready_get	16	static
C:/Users/Utente/STM32CubeIDE/workspace_1.13.2/LoRaWAN_End_Node/Drivers/BSP/Components/lsm6dso16is/lsm6dso16is_reg.c:1577:9:lsm6dso16is_gy_flag_data_ready_get	16	static
C:/Users/Utente/STM32CubeIDE/workspace_1.13.2/LoRaWAN_End_Node/Drivers/BSP/Components/lsm6dso16is/lsm6dso16is_reg.c:1597:9:lsm6dso16is_temp_flag_data_ready_get	16	static
C:/Users/Utente/STM32CubeIDE/workspace_1.13.2/LoRaWAN_End_Node/Drivers/BSP/Components/lsm6dso16is/lsm6dso16is_reg.c:1617:9:lsm6dso16is_temperature_raw_get	16	static
C:/Users/Utente/STM32CubeIDE/workspace_1.13.2/LoRaWAN_End_Node/Drivers/BSP/Components/lsm6dso16is/lsm6dso16is_reg.c:1637:9:lsm6dso16is_angular_rate_raw_get	16	static
C:/Users/Utente/STM32CubeIDE/workspace_1.13.2/LoRaWAN_End_Node/Drivers/BSP/Components/lsm6dso16is/lsm6dso16is_reg.c:1661:9:lsm6dso16is_acceleration_raw_get	16	static
C:/Users/Utente/STM32CubeIDE/workspace_1.13.2/LoRaWAN_End_Node/Drivers/BSP/Components/lsm6dso16is/lsm6dso16is_reg.c:1696:9:lsm6dso16is_pin_int1_route_set	24	static
C:/Users/Utente/STM32CubeIDE/workspace_1.13.2/LoRaWAN_End_Node/Drivers/BSP/Components/lsm6dso16is/lsm6dso16is_reg.c:1733:9:lsm6dso16is_pin_int1_route_get	24	static
C:/Users/Utente/STM32CubeIDE/workspace_1.13.2/LoRaWAN_End_Node/Drivers/BSP/Components/lsm6dso16is/lsm6dso16is_reg.c:1766:9:lsm6dso16is_pin_int2_route_set	24	static
C:/Users/Utente/STM32CubeIDE/workspace_1.13.2/LoRaWAN_End_Node/Drivers/BSP/Components/lsm6dso16is/lsm6dso16is_reg.c:1804:9:lsm6dso16is_pin_int2_route_get	24	static
C:/Users/Utente/STM32CubeIDE/workspace_1.13.2/LoRaWAN_End_Node/Drivers/BSP/Components/lsm6dso16is/lsm6dso16is_reg.c:1838:9:lsm6dso16is_int_pin_mode_set	24	static
C:/Users/Utente/STM32CubeIDE/workspace_1.13.2/LoRaWAN_End_Node/Drivers/BSP/Components/lsm6dso16is/lsm6dso16is_reg.c:1863:9:lsm6dso16is_int_pin_mode_get	16	static
C:/Users/Utente/STM32CubeIDE/workspace_1.13.2/LoRaWAN_End_Node/Drivers/BSP/Components/lsm6dso16is/lsm6dso16is_reg.c:1896:9:lsm6dso16is_pin_polarity_set	24	static
C:/Users/Utente/STM32CubeIDE/workspace_1.13.2/LoRaWAN_End_Node/Drivers/BSP/Components/lsm6dso16is/lsm6dso16is_reg.c:1921:9:lsm6dso16is_pin_polarity_get	16	static
C:/Users/Utente/STM32CubeIDE/workspace_1.13.2/LoRaWAN_End_Node/Drivers/BSP/Components/lsm6dso16is/lsm6dso16is_reg.c:1967:9:lsm6dso16is_sh_read_data_raw_get	16	static
C:/Users/Utente/STM32CubeIDE/workspace_1.13.2/LoRaWAN_End_Node/Drivers/BSP/Components/lsm6dso16is/lsm6dso16is_reg.c:1996:9:lsm6dso16is_sh_slave_connected_set	24	static
C:/Users/Utente/STM32CubeIDE/workspace_1.13.2/LoRaWAN_End_Node/Drivers/BSP/Components/lsm6dso16is/lsm6dso16is_reg.c:2029:9:lsm6dso16is_sh_slave_connected_get	24	static
C:/Users/Utente/STM32CubeIDE/workspace_1.13.2/LoRaWAN_End_Node/Drivers/BSP/Components/lsm6dso16is/lsm6dso16is_reg.c:2078:9:lsm6dso16is_sh_master_set	24	static
C:/Users/Utente/STM32CubeIDE/workspace_1.13.2/LoRaWAN_End_Node/Drivers/BSP/Components/lsm6dso16is/lsm6dso16is_reg.c:2110:9:lsm6dso16is_sh_master_get	24	static
C:/Users/Utente/STM32CubeIDE/workspace_1.13.2/LoRaWAN_End_Node/Drivers/BSP/Components/lsm6dso16is/lsm6dso16is_reg.c:2139:9:lsm6dso16is_sh_master_interface_pull_up_set	24	static
C:/Users/Utente/STM32CubeIDE/workspace_1.13.2/LoRaWAN_End_Node/Drivers/BSP/Components/lsm6dso16is/lsm6dso16is_reg.c:2173:9:lsm6dso16is_sh_master_interface_pull_up_get	24	static
C:/Users/Utente/STM32CubeIDE/workspace_1.13.2/LoRaWAN_End_Node/Drivers/BSP/Components/lsm6dso16is/lsm6dso16is_reg.c:2203:9:lsm6dso16is_sh_pass_through_set	24	static
C:/Users/Utente/STM32CubeIDE/workspace_1.13.2/LoRaWAN_End_Node/Drivers/BSP/Components/lsm6dso16is/lsm6dso16is_reg.c:2239:9:lsm6dso16is_sh_pass_through_get	24	static
C:/Users/Utente/STM32CubeIDE/workspace_1.13.2/LoRaWAN_End_Node/Drivers/BSP/Components/lsm6dso16is/lsm6dso16is_reg.c:2269:9:lsm6dso16is_sh_syncro_mode_set	24	static
C:/Users/Utente/STM32CubeIDE/workspace_1.13.2/LoRaWAN_End_Node/Drivers/BSP/Components/lsm6dso16is/lsm6dso16is_reg.c:2302:9:lsm6dso16is_sh_syncro_mode_get	24	static
C:/Users/Utente/STM32CubeIDE/workspace_1.13.2/LoRaWAN_End_Node/Drivers/BSP/Components/lsm6dso16is/lsm6dso16is_reg.c:2343:9:lsm6dso16is_sh_write_mode_set	24	static
C:/Users/Utente/STM32CubeIDE/workspace_1.13.2/LoRaWAN_End_Node/Drivers/BSP/Components/lsm6dso16is/lsm6dso16is_reg.c:2376:9:lsm6dso16is_sh_write_mode_get	24	static
C:/Users/Utente/STM32CubeIDE/workspace_1.13.2/LoRaWAN_End_Node/Drivers/BSP/Components/lsm6dso16is/lsm6dso16is_reg.c:2418:9:lsm6dso16is_sh_reset_set	24	static
C:/Users/Utente/STM32CubeIDE/workspace_1.13.2/LoRaWAN_End_Node/Drivers/BSP/Components/lsm6dso16is/lsm6dso16is_reg.c:2450:9:lsm6dso16is_sh_reset_get	24	static
C:/Users/Utente/STM32CubeIDE/workspace_1.13.2/LoRaWAN_End_Node/Drivers/BSP/Components/lsm6dso16is/lsm6dso16is_reg.c:2482:9:lsm6dso16is_sh_cfg_write	24	static
C:/Users/Utente/STM32CubeIDE/workspace_1.13.2/LoRaWAN_End_Node/Drivers/BSP/Components/lsm6dso16is/lsm6dso16is_reg.c:2524:9:lsm6dso16is_sh_data_rate_set	24	static
C:/Users/Utente/STM32CubeIDE/workspace_1.13.2/LoRaWAN_End_Node/Drivers/BSP/Components/lsm6dso16is/lsm6dso16is_reg.c:2557:9:lsm6dso16is_sh_data_rate_get	24	static
C:/Users/Utente/STM32CubeIDE/workspace_1.13.2/LoRaWAN_End_Node/Drivers/BSP/Components/lsm6dso16is/lsm6dso16is_reg.c:2609:9:lsm6dso16is_sh_slv0_cfg_read	24	static
C:/Users/Utente/STM32CubeIDE/workspace_1.13.2/LoRaWAN_End_Node/Drivers/BSP/Components/lsm6dso16is/lsm6dso16is_reg.c:2663:9:lsm6dso16is_sh_slv1_cfg_read	24	static
C:/Users/Utente/STM32CubeIDE/workspace_1.13.2/LoRaWAN_End_Node/Drivers/BSP/Components/lsm6dso16is/lsm6dso16is_reg.c:2717:9:lsm6dso16is_sh_slv2_cfg_read	24	static
C:/Users/Utente/STM32CubeIDE/workspace_1.13.2/LoRaWAN_End_Node/Drivers/BSP/Components/lsm6dso16is/lsm6dso16is_reg.c:2771:9:lsm6dso16is_sh_slv3_cfg_read	24	static
C:/Users/Utente/STM32CubeIDE/workspace_1.13.2/LoRaWAN_End_Node/Drivers/BSP/Components/lsm6dso16is/lsm6dso16is_reg.c:2833:9:lsm6dso16is_ispu_reset_set	24	static
C:/Users/Utente/STM32CubeIDE/workspace_1.13.2/LoRaWAN_End_Node/Drivers/BSP/Components/lsm6dso16is/lsm6dso16is_reg.c:2857:9:lsm6dso16is_ispu_reset_get	16	static
C:/Users/Utente/STM32CubeIDE/workspace_1.13.2/LoRaWAN_End_Node/Drivers/BSP/Components/lsm6dso16is/lsm6dso16is_reg.c:2870:9:lsm6dso16is_ispu_clock_set	24	static
C:/Users/Utente/STM32CubeIDE/workspace_1.13.2/LoRaWAN_End_Node/Drivers/BSP/Components/lsm6dso16is/lsm6dso16is_reg.c:2888:9:lsm6dso16is_ispu_clock_get	16	static
C:/Users/Utente/STM32CubeIDE/workspace_1.13.2/LoRaWAN_End_Node/Drivers/BSP/Components/lsm6dso16is/lsm6dso16is_reg.c:2920:9:lsm6dso16is_ispu_data_rate_set	24	static
C:/Users/Utente/STM32CubeIDE/workspace_1.13.2/LoRaWAN_End_Node/Drivers/BSP/Components/lsm6dso16is/lsm6dso16is_reg.c:2947:9:lsm6dso16is_ispu_data_rate_get	16	static
C:/Users/Utente/STM32CubeIDE/workspace_1.13.2/LoRaWAN_End_Node/Drivers/BSP/Components/lsm6dso16is/lsm6dso16is_reg.c:3016:9:lsm6dso16is_ispu_bdu_set	24	static
C:/Users/Utente/STM32CubeIDE/workspace_1.13.2/LoRaWAN_End_Node/Drivers/BSP/Components/lsm6dso16is/lsm6dso16is_reg.c:3040:9:lsm6dso16is_ispu_bdu_get	16	static
C:/Users/Utente/STM32CubeIDE/workspace_1.13.2/LoRaWAN_End_Node/Drivers/BSP/Components/lsm6dso16is/lsm6dso16is_reg.c:3080:9:lsm6dso16is_ia_ispu_get	16	static
C:/Users/Utente/STM32CubeIDE/workspace_1.13.2/LoRaWAN_End_Node/Drivers/BSP/Components/lsm6dso16is/lsm6dso16is_reg.c:3105:9:lsm6dso16is_ispu_write_dummy_cfg	8	static
C:/Users/Utente/STM32CubeIDE/workspace_1.13.2/LoRaWAN_End_Node/Drivers/BSP/Components/lsm6dso16is/lsm6dso16is_reg.c:3132:9:lsm6dso16is_ispu_ready_dummy_cfg	8	static
C:/Users/Utente/STM32CubeIDE/workspace_1.13.2/LoRaWAN_End_Node/Drivers/BSP/Components/lsm6dso16is/lsm6dso16is_reg.c:3157:9:lsm6dso16is_ispu_boot_set	24	static
C:/Users/Utente/STM32CubeIDE/workspace_1.13.2/LoRaWAN_End_Node/Drivers/BSP/Components/lsm6dso16is/lsm6dso16is_reg.c:3193:9:lsm6dso16is_ispu_boot_get	24	static
C:/Users/Utente/STM32CubeIDE/workspace_1.13.2/LoRaWAN_End_Node/Drivers/BSP/Components/lsm6dso16is/lsm6dso16is_reg.c:3226:9:lsm6dso16is_ispu_int_latched_set	24	static
C:/Users/Utente/STM32CubeIDE/workspace_1.13.2/LoRaWAN_End_Node/Drivers/BSP/Components/lsm6dso16is/lsm6dso16is_reg.c:3261:9:lsm6dso16is_ispu_int_latched_get	24	static
C:/Users/Utente/STM32CubeIDE/workspace_1.13.2/LoRaWAN_End_Node/Drivers/BSP/Components/lsm6dso16is/lsm6dso16is_reg.c:3302:9:lsm6dso16is_ispu_get_boot_status	24	static
C:/Users/Utente/STM32CubeIDE/workspace_1.13.2/LoRaWAN_End_Node/Drivers/BSP/Components/lsm6dso16is/lsm6dso16is_reg.c:3331:9:lsm6dso16is_ispu_write_memory	40	static
C:/Users/Utente/STM32CubeIDE/workspace_1.13.2/LoRaWAN_End_Node/Drivers/BSP/Components/lsm6dso16is/lsm6dso16is_reg.c:3401:9:lsm6dso16is_ispu_read_memory	40	static
C:/Users/Utente/STM32CubeIDE/workspace_1.13.2/LoRaWAN_End_Node/Drivers/BSP/Components/lsm6dso16is/lsm6dso16is_reg.c:3468:9:lsm6dso16is_ispu_write_flags	24	static
C:/Users/Utente/STM32CubeIDE/workspace_1.13.2/LoRaWAN_End_Node/Drivers/BSP/Components/lsm6dso16is/lsm6dso16is_reg.c:3501:9:lsm6dso16is_ispu_read_flags	24	static
C:/Users/Utente/STM32CubeIDE/workspace_1.13.2/LoRaWAN_End_Node/Drivers/BSP/Components/lsm6dso16is/lsm6dso16is_reg.c:3527:9:lsm6dso16is_ispu_clear_flags	24	static
C:/Users/Utente/STM32CubeIDE/workspace_1.13.2/LoRaWAN_End_Node/Drivers/BSP/Components/lsm6dso16is/lsm6dso16is_reg.c:3551:9:lsm6dso16is_ispu_read_data_raw_get	24	static
C:/Users/Utente/STM32CubeIDE/workspace_1.13.2/LoRaWAN_End_Node/Drivers/BSP/Components/lsm6dso16is/lsm6dso16is_reg.c:3577:9:lsm6dso16is_ispu_int1_ctrl_get	24	static
C:/Users/Utente/STM32CubeIDE/workspace_1.13.2/LoRaWAN_End_Node/Drivers/BSP/Components/lsm6dso16is/lsm6dso16is_reg.c:3607:9:lsm6dso16is_ispu_int1_ctrl_set	32	static
C:/Users/Utente/STM32CubeIDE/workspace_1.13.2/LoRaWAN_End_Node/Drivers/BSP/Components/lsm6dso16is/lsm6dso16is_reg.c:3653:9:lsm6dso16is_ispu_int2_ctrl_get	24	static
C:/Users/Utente/STM32CubeIDE/workspace_1.13.2/LoRaWAN_End_Node/Drivers/BSP/Components/lsm6dso16is/lsm6dso16is_reg.c:3683:9:lsm6dso16is_ispu_int2_ctrl_set	32	static
C:/Users/Utente/STM32CubeIDE/workspace_1.13.2/LoRaWAN_End_Node/Drivers/BSP/Components/lsm6dso16is/lsm6dso16is_reg.c:3729:9:lsm6dso16is_ispu_int_status_get	24	static
C:/Users/Utente/STM32CubeIDE/workspace_1.13.2/LoRaWAN_End_Node/Drivers/BSP/Components/lsm6dso16is/lsm6dso16is_reg.c:3759:9:lsm6dso16is_ispu_algo_get	24	static
C:/Users/Utente/STM32CubeIDE/workspace_1.13.2/LoRaWAN_End_Node/Drivers/BSP/Components/lsm6dso16is/lsm6dso16is_reg.c:3789:9:lsm6dso16is_ispu_algo_set	32	static
