C:/Users/alega/STM32CubeIDE/workspace_1.13.2/LoRaWAN_End_Node/Drivers/BSP/Components/lsm6dso16is/lsm6dso16is.c:274:9:LSM6DSO16IS_GetCapabilities	0	static
C:/Users/alega/STM32CubeIDE/workspace_1.13.2/LoRaWAN_End_Node/Drivers/BSP/Components/lsm6dso16is/lsm6dso16is.c:1268:16:LSM6DSO16IS_ACC_SetOutputDataRate_When_Disabled	16	static
C:/Users/alega/STM32CubeIDE/workspace_1.13.2/LoRaWAN_End_Node/Drivers/BSP/Components/lsm6dso16is/lsm6dso16is.c:1321:16:LSM6DSO16IS_GYRO_SetOutputDataRate_When_Disabled	16	static
C:/Users/alega/STM32CubeIDE/workspace_1.13.2/LoRaWAN_End_Node/Drivers/BSP/Components/lsm6dso16is/lsm6dso16is.c:1345:16:ReadRegWrap	8	static
C:/Users/alega/STM32CubeIDE/workspace_1.13.2/LoRaWAN_End_Node/Drivers/BSP/Components/lsm6dso16is/lsm6dso16is.c:1360:16:WriteRegWrap	8	static
C:/Users/alega/STM32CubeIDE/workspace_1.13.2/LoRaWAN_End_Node/Drivers/BSP/Components/lsm6dso16is/lsm6dso16is.c:298:9:LSM6DSO16IS_ACC_Enable	8	static
C:/Users/alega/STM32CubeIDE/workspace_1.13.2/LoRaWAN_End_Node/Drivers/BSP/Components/lsm6dso16is/lsm6dso16is.c:1237:16:LSM6DSO16IS_ACC_SetOutputDataRate_When_Enabled	16	static
C:/Users/alega/STM32CubeIDE/workspace_1.13.2/LoRaWAN_End_Node/Drivers/BSP/Components/lsm6dso16is/lsm6dso16is.c:476:9:LSM6DSO16IS_ACC_SetOutputDataRate	8	static
C:/Users/alega/STM32CubeIDE/workspace_1.13.2/LoRaWAN_End_Node/Drivers/BSP/Components/lsm6dso16is/lsm6dso16is.c:542:9:LSM6DSO16IS_ACC_SetFullScale	8	static
C:/Users/alega/STM32CubeIDE/workspace_1.13.2/LoRaWAN_End_Node/Drivers/BSP/Components/lsm6dso16is/lsm6dso16is.c:622:9:LSM6DSO16IS_GYRO_Enable	8	static
C:/Users/alega/STM32CubeIDE/workspace_1.13.2/LoRaWAN_End_Node/Drivers/BSP/Components/lsm6dso16is/lsm6dso16is.c:1290:16:LSM6DSO16IS_GYRO_SetOutputDataRate_When_Enabled	16	static
C:/Users/alega/STM32CubeIDE/workspace_1.13.2/LoRaWAN_End_Node/Drivers/BSP/Components/lsm6dso16is/lsm6dso16is.c:804:9:LSM6DSO16IS_GYRO_SetOutputDataRate	8	static
C:/Users/alega/STM32CubeIDE/workspace_1.13.2/LoRaWAN_End_Node/Drivers/BSP/Components/lsm6dso16is/lsm6dso16is.c:874:9:LSM6DSO16IS_GYRO_SetFullScale	8	static
C:/Users/alega/STM32CubeIDE/workspace_1.13.2/LoRaWAN_End_Node/Drivers/BSP/Components/lsm6dso16is/lsm6dso16is.c:256:9:LSM6DSO16IS_ReadID	8	static
C:/Users/alega/STM32CubeIDE/workspace_1.13.2/LoRaWAN_End_Node/Drivers/BSP/Components/lsm6dso16is/lsm6dso16is.c:326:9:LSM6DSO16IS_ACC_Disable	16	static
C:/Users/alega/STM32CubeIDE/workspace_1.13.2/LoRaWAN_End_Node/Drivers/BSP/Components/lsm6dso16is/lsm6dso16is.c:405:9:LSM6DSO16IS_ACC_GetOutputDataRate	16	static
C:/Users/alega/STM32CubeIDE/workspace_1.13.2/LoRaWAN_End_Node/Drivers/BSP/Components/lsm6dso16is/lsm6dso16is.c:361:9:LSM6DSO16IS_ACC_GetSensitivity	16	static
C:/Users/alega/STM32CubeIDE/workspace_1.13.2/LoRaWAN_End_Node/Drivers/BSP/Components/lsm6dso16is/lsm6dso16is.c:499:9:LSM6DSO16IS_ACC_GetFullScale	16	static
C:/Users/alega/STM32CubeIDE/workspace_1.13.2/LoRaWAN_End_Node/Drivers/BSP/Components/lsm6dso16is/lsm6dso16is.c:566:9:LSM6DSO16IS_ACC_GetAxesRaw	16	static
C:/Users/alega/STM32CubeIDE/workspace_1.13.2/LoRaWAN_End_Node/Drivers/BSP/Components/lsm6dso16is/lsm6dso16is.c:591:9:LSM6DSO16IS_ACC_GetAxes	32	static
C:/Users/alega/STM32CubeIDE/workspace_1.13.2/LoRaWAN_End_Node/Drivers/BSP/Components/lsm6dso16is/lsm6dso16is.c:650:9:LSM6DSO16IS_GYRO_Disable	16	static
C:/Users/alega/STM32CubeIDE/workspace_1.13.2/LoRaWAN_End_Node/Drivers/BSP/Components/lsm6dso16is/lsm6dso16is.c:223:9:LSM6DSO16IS_DeInit	16	static
C:/Users/alega/STM32CubeIDE/workspace_1.13.2/LoRaWAN_End_Node/Drivers/BSP/Components/lsm6dso16is/lsm6dso16is.c:733:9:LSM6DSO16IS_GYRO_GetOutputDataRate	16	static
C:/Users/alega/STM32CubeIDE/workspace_1.13.2/LoRaWAN_End_Node/Drivers/BSP/Components/lsm6dso16is/lsm6dso16is.c:685:9:LSM6DSO16IS_GYRO_GetSensitivity	16	static
C:/Users/alega/STM32CubeIDE/workspace_1.13.2/LoRaWAN_End_Node/Drivers/BSP/Components/lsm6dso16is/lsm6dso16is.c:827:9:LSM6DSO16IS_GYRO_GetFullScale	16	static
C:/Users/alega/STM32CubeIDE/workspace_1.13.2/LoRaWAN_End_Node/Drivers/BSP/Components/lsm6dso16is/lsm6dso16is.c:899:9:LSM6DSO16IS_GYRO_GetAxesRaw	16	static
C:/Users/alega/STM32CubeIDE/workspace_1.13.2/LoRaWAN_End_Node/Drivers/BSP/Components/lsm6dso16is/lsm6dso16is.c:924:9:LSM6DSO16IS_GYRO_GetAxes	32	static
C:/Users/alega/STM32CubeIDE/workspace_1.13.2/LoRaWAN_End_Node/Drivers/BSP/Components/lsm6dso16is/lsm6dso16is.c:957:9:LSM6DSO16IS_Read_Reg	8	static
C:/Users/alega/STM32CubeIDE/workspace_1.13.2/LoRaWAN_End_Node/Drivers/BSP/Components/lsm6dso16is/lsm6dso16is.c:976:9:LSM6DSO16IS_Write_Reg	16	static
C:/Users/alega/STM32CubeIDE/workspace_1.13.2/LoRaWAN_End_Node/Drivers/BSP/Components/lsm6dso16is/lsm6dso16is.c:100:9:LSM6DSO16IS_RegisterBusIO	8	static
C:/Users/alega/STM32CubeIDE/workspace_1.13.2/LoRaWAN_End_Node/Drivers/BSP/Components/lsm6dso16is/lsm6dso16is.c:994:9:LSM6DSO16IS_ACC_Set_SelfTest	8	static
C:/Users/alega/STM32CubeIDE/workspace_1.13.2/LoRaWAN_End_Node/Drivers/BSP/Components/lsm6dso16is/lsm6dso16is.c:1017:9:LSM6DSO16IS_ACC_Get_DRDY_Status	8	static
C:/Users/alega/STM32CubeIDE/workspace_1.13.2/LoRaWAN_End_Node/Drivers/BSP/Components/lsm6dso16is/lsm6dso16is.c:1035:9:LSM6DSO16IS_ACC_Get_Init_Status	0	static
C:/Users/alega/STM32CubeIDE/workspace_1.13.2/LoRaWAN_End_Node/Drivers/BSP/Components/lsm6dso16is/lsm6dso16is.c:1055:9:LSM6DSO16IS_ACC_Set_INT1_DRDY	24	static
C:/Users/alega/STM32CubeIDE/workspace_1.13.2/LoRaWAN_End_Node/Drivers/BSP/Components/lsm6dso16is/lsm6dso16is.c:1088:9:LSM6DSO16IS_GYRO_Set_SelfTest	8	static
C:/Users/alega/STM32CubeIDE/workspace_1.13.2/LoRaWAN_End_Node/Drivers/BSP/Components/lsm6dso16is/lsm6dso16is.c:1112:9:LSM6DSO16IS_GYRO_Get_DRDY_Status	8	static
C:/Users/alega/STM32CubeIDE/workspace_1.13.2/LoRaWAN_End_Node/Drivers/BSP/Components/lsm6dso16is/lsm6dso16is.c:1130:9:LSM6DSO16IS_GYRO_Get_Init_Status	0	static
C:/Users/alega/STM32CubeIDE/workspace_1.13.2/LoRaWAN_End_Node/Drivers/BSP/Components/lsm6dso16is/lsm6dso16is.c:1150:9:LSM6DSO16IS_GYRO_Set_INT1_DRDY	24	static
C:/Users/alega/STM32CubeIDE/workspace_1.13.2/LoRaWAN_End_Node/Drivers/BSP/Components/lsm6dso16is/lsm6dso16is.c:1183:9:LSM6DSO16IS_Set_DRDY_Mode	8	static
C:/Users/alega/STM32CubeIDE/workspace_1.13.2/LoRaWAN_End_Node/Drivers/BSP/Components/lsm6dso16is/lsm6dso16is.c:1206:9:LSM6DSO16IS_Set_Mem_Bank	8	static
C:/Users/alega/STM32CubeIDE/workspace_1.13.2/LoRaWAN_End_Node/Drivers/BSP/Components/lsm6dso16is/lsm6dso16is.c:157:9:LSM6DSO16IS_Init	16	static
